// Jest Snapshot v1, https://goo.gl/fbAQLP

exports[`Home Component renders with all props 1`] = `
ShallowWrapper {
  "length": 1,
  Symbol(enzyme.__root__): [Circular],
  Symbol(enzyme.__unrendered__): <HomeScreen />,
  Symbol(enzyme.__renderer__): Object {
    "batchedUpdates": [Function],
    "getNode": [Function],
    "render": [Function],
    "simulateEvent": [Function],
    "unmount": [Function],
  },
  Symbol(enzyme.__node__): Object {
    "instance": null,
    "key": undefined,
    "nodeType": "class",
    "props": Object {
      "children": Array [
        <Styled(Component)>
          Home Screen
        </Styled(Component)>,
        <Styled(Component)>
          This is an example screen that is not connected to redux-store.
        </Styled(Component)>,
        <Styled(Component)>
          With Wix React Native Navigation it is easy to make native transitions between screens.
        </Styled(Component)>,
        <ButtonComponent>
          Open Nested Screen A
        </ButtonComponent>,
      ],
    },
    "ref": null,
    "rendered": Array [
      Object {
        "instance": null,
        "key": undefined,
        "nodeType": "class",
        "props": Object {
          "children": "Home Screen",
        },
        "ref": null,
        "rendered": "Home Screen",
        "type": [Function],
      },
      Object {
        "instance": null,
        "key": undefined,
        "nodeType": "class",
        "props": Object {
          "children": "This is an example screen that is not connected to redux-store.",
        },
        "ref": null,
        "rendered": "This is an example screen that is not connected to redux-store.",
        "type": [Function],
      },
      Object {
        "instance": null,
        "key": undefined,
        "nodeType": "class",
        "props": Object {
          "children": "With Wix React Native Navigation it is easy to make native transitions between screens.",
        },
        "ref": null,
        "rendered": "With Wix React Native Navigation it is easy to make native transitions between screens.",
        "type": [Function],
      },
      Object {
        "instance": null,
        "key": undefined,
        "nodeType": "function",
        "props": Object {
          "children": "Open Nested Screen A",
          "onPress": undefined,
        },
        "ref": null,
        "rendered": "Open Nested Screen A",
        "type": [Function],
      },
    ],
    "type": [Function],
  },
  Symbol(enzyme.__nodes__): Array [
    Object {
      "instance": null,
      "key": undefined,
      "nodeType": "class",
      "props": Object {
        "children": Array [
          <Styled(Component)>
            Home Screen
          </Styled(Component)>,
          <Styled(Component)>
            This is an example screen that is not connected to redux-store.
          </Styled(Component)>,
          <Styled(Component)>
            With Wix React Native Navigation it is easy to make native transitions between screens.
          </Styled(Component)>,
          <ButtonComponent>
            Open Nested Screen A
          </ButtonComponent>,
        ],
      },
      "ref": null,
      "rendered": Array [
        Object {
          "instance": null,
          "key": undefined,
          "nodeType": "class",
          "props": Object {
            "children": "Home Screen",
          },
          "ref": null,
          "rendered": "Home Screen",
          "type": [Function],
        },
        Object {
          "instance": null,
          "key": undefined,
          "nodeType": "class",
          "props": Object {
            "children": "This is an example screen that is not connected to redux-store.",
          },
          "ref": null,
          "rendered": "This is an example screen that is not connected to redux-store.",
          "type": [Function],
        },
        Object {
          "instance": null,
          "key": undefined,
          "nodeType": "class",
          "props": Object {
            "children": "With Wix React Native Navigation it is easy to make native transitions between screens.",
          },
          "ref": null,
          "rendered": "With Wix React Native Navigation it is easy to make native transitions between screens.",
          "type": [Function],
        },
        Object {
          "instance": null,
          "key": undefined,
          "nodeType": "function",
          "props": Object {
            "children": "Open Nested Screen A",
            "onPress": undefined,
          },
          "ref": null,
          "rendered": "Open Nested Screen A",
          "type": [Function],
        },
      ],
      "type": [Function],
    },
  ],
  Symbol(enzyme.__options__): Object {
    "adapter": ReactSixteenAdapter {
      "options": Object {
        "enableComponentDidUpdateOnSetState": true,
      },
    },
  },
}
`;
